// Jest Snapshot v1, https://goo.gl/fbAQLP

exports[`it works 1`] = `
.c0 {
  font-size: 1rem;
  line-height: 1.5rem;
  padding-top: 1rem;
  padding-bottom: 1rem;
}

<p
  className="c0"
/>
`;

exports[`it works 2`] = `
ShallowWrapper {
  Symbol(enzyme.__root__): [Circular],
  Symbol(enzyme.__unrendered__): <ForwardRef />,
  Symbol(enzyme.__renderer__): Object {
    "batchedUpdates": [Function],
    "getNode": [Function],
    "render": [Function],
    "simulateEvent": [Function],
    "unmount": [Function],
  },
  Symbol(enzyme.__node__): Object {
    "instance": null,
    "key": undefined,
    "nodeType": "class",
    "props": Object {
      "forwardedComponent": Object {
        "$$typeof": Symbol(react.forward_ref),
        "attrs": Array [],
        "componentStyle": ComponentStyle {
          "componentId": "P-sc-1m4acrm-0",
          "isStatic": false,
          "lastClassName": "kZUnVe",
          "rules": Array [
            "
    font-size: 1rem;
    line-height: 1.5rem;
    padding-top: 1rem;
    padding-bottom: 1rem;
",
            ";font-family:",
            [Function],
            ";color:",
            [Function],
            ";",
          ],
        },
        "displayName": "P",
        "foldedComponentIds": Array [],
        "render": [Function],
        "styledComponentId": "P-sc-1m4acrm-0",
        "target": "p",
        "toString": [Function],
        "warnTooManyClasses": [Function],
        "withComponent": [Function],
      },
      "forwardedRef": null,
    },
    "ref": null,
    "rendered": null,
    "type": [Function],
  },
  Symbol(enzyme.__nodes__): Array [
    Object {
      "instance": null,
      "key": undefined,
      "nodeType": "class",
      "props": Object {
        "forwardedComponent": Object {
          "$$typeof": Symbol(react.forward_ref),
          "attrs": Array [],
          "componentStyle": ComponentStyle {
            "componentId": "P-sc-1m4acrm-0",
            "isStatic": false,
            "lastClassName": "kZUnVe",
            "rules": Array [
              "
    font-size: 1rem;
    line-height: 1.5rem;
    padding-top: 1rem;
    padding-bottom: 1rem;
",
              ";font-family:",
              [Function],
              ";color:",
              [Function],
              ";",
            ],
          },
          "displayName": "P",
          "foldedComponentIds": Array [],
          "render": [Function],
          "styledComponentId": "P-sc-1m4acrm-0",
          "target": "p",
          "toString": [Function],
          "warnTooManyClasses": [Function],
          "withComponent": [Function],
        },
        "forwardedRef": null,
      },
      "ref": null,
      "rendered": null,
      "type": [Function],
    },
  ],
  Symbol(enzyme.__options__): Object {
    "adapter": ReactSixteenAdapter {
      "options": Object {
        "enableComponentDidUpdateOnSetState": true,
        "lifecycles": Object {
          "componentDidUpdate": Object {
            "onSetState": true,
          },
          "getSnapshotBeforeUpdate": true,
        },
      },
    },
    "attachTo": undefined,
    "hydrateIn": undefined,
  },
}
`;
